2025-10-11 17:51:14,986 - airtest_framework.core.config - INFO - 日志系统初始化完成
2025-10-11 17:51:14,986 - airtest_framework - INFO - Airtest 自动化测试框架初始化完成
2025-10-11 17:51:14,986 - airtest_framework - INFO - 开始发现测试用例: /Users/cooperd/UNV/TraeProject/演示项目/tests
2025-10-11 17:51:14,986 - airtest_framework.core.discovery - INFO - 开始在目录 /Users/cooperd/UNV/TraeProject/演示项目/tests 中发现测试...
2025-10-11 17:51:14,987 - airtest_framework.core.discovery - INFO - 发现 6 个 .air 项目
2025-10-11 17:51:14,987 - airtest_framework.core.discovery - INFO - 成功发现 6 个测试用例
2025-10-11 17:51:14,987 - airtest_framework - INFO - 发现 6 个测试用例
2025-10-11 17:51:14,988 - airtest_framework.core.config - INFO - 未找到配置文件，使用默认配置
2025-10-11 17:51:14,988 - airtest_framework.core.config - INFO - 使用默认配置
2025-10-11 17:51:14,988 - airtest_framework.core.config - INFO - 日志系统初始化完成
2025-10-11 17:51:14,988 - airtest_framework.core.config - INFO - 日志系统初始化完成
2025-10-11 17:51:14,988 - airtest_framework - INFO - Airtest 自动化测试框架初始化完成
2025-10-11 17:51:14,988 - airtest_framework - INFO - Airtest 自动化测试框架初始化完成
2025-10-11 17:51:14,988 - airtest_framework - INFO - 开始发现测试用例: /Users/cooperd/UNV/TraeProject/演示项目/tests
2025-10-11 17:51:14,988 - airtest_framework - INFO - 开始发现测试用例: /Users/cooperd/UNV/TraeProject/演示项目/tests
2025-10-11 17:51:14,988 - airtest_framework.core.discovery - INFO - 开始在目录 /Users/cooperd/UNV/TraeProject/演示项目/tests 中发现测试...
2025-10-11 17:51:14,988 - airtest_framework.core.discovery - INFO - 开始在目录 /Users/cooperd/UNV/TraeProject/演示项目/tests 中发现测试...
2025-10-11 17:51:14,988 - airtest_framework.core.discovery - INFO - 发现 6 个 .air 项目
2025-10-11 17:51:14,988 - airtest_framework.core.discovery - INFO - 发现 6 个 .air 项目
2025-10-11 17:51:14,988 - airtest_framework.core.discovery - INFO - 成功发现 6 个测试用例
2025-10-11 17:51:14,988 - airtest_framework.core.discovery - INFO - 成功发现 6 个测试用例
2025-10-11 17:51:14,988 - airtest_framework - INFO - 发现 6 个测试用例
2025-10-11 17:51:14,988 - airtest_framework - INFO - 发现 6 个测试用例
